// Jest Snapshot v1, https://goo.gl/fbAQLP

exports[`Pruebas en el archivo GifGridItem.js debe mostrar el componente correctamente 1`] = `
<div
  className="card animate__animated animate__bounce"
>
  <img
    alt="Hola que tal saludos"
    src="https://localhost/algo.jpg"
  />
  <p>
    Hola que tal saludos
  </p>
</div>
`;
